Archive member included to satisfy reference by file (symbol)

C:/ST/STM32CubeIDE_1.15.1/STM32CubeIDE/plugins/com.st.stm32cube.ide.mcu.externaltools.gnu-tools-for-stm32.12.3.rel1.win32_1.0.100.202403111256/tools/bin/../lib/gcc/arm-none-eabi/12.3.1/../../../../arm-none-eabi/lib/thumb/v7e-m+fp/hard\libc_nano.a(libc_a-exit.o)
                              C:/ST/STM32CubeIDE_1.15.1/STM32CubeIDE/plugins/com.st.stm32cube.ide.mcu.externaltools.gnu-tools-for-stm32.12.3.rel1.win32_1.0.100.202403111256/tools/bin/../lib/gcc/arm-none-eabi/12.3.1/../../../../arm-none-eabi/lib/thumb/v7e-m+fp/hard/crt0.o (exit)
C:/ST/STM32CubeIDE_1.15.1/STM32CubeIDE/plugins/com.st.stm32cube.ide.mcu.externaltools.gnu-tools-for-stm32.12.3.rel1.win32_1.0.100.202403111256/tools/bin/../lib/gcc/arm-none-eabi/12.3.1/../../../../arm-none-eabi/lib/thumb/v7e-m+fp/hard\libc_nano.a(libc_a-findfp.o)
                              C:/ST/STM32CubeIDE_1.15.1/STM32CubeIDE/plugins/com.st.stm32cube.ide.mcu.externaltools.gnu-tools-for-stm32.12.3.rel1.win32_1.0.100.202403111256/tools/bin/../lib/gcc/arm-none-eabi/12.3.1/../../../../arm-none-eabi/lib/thumb/v7e-m+fp/hard\libc_nano.a(libc_a-exit.o) (__stdio_exit_handler)
C:/ST/STM32CubeIDE_1.15.1/STM32CubeIDE/plugins/com.st.stm32cube.ide.mcu.externaltools.gnu-tools-for-stm32.12.3.rel1.win32_1.0.100.202403111256/tools/bin/../lib/gcc/arm-none-eabi/12.3.1/../../../../arm-none-eabi/lib/thumb/v7e-m+fp/hard\libc_nano.a(libc_a-fwalk.o)
                              C:/ST/STM32CubeIDE_1.15.1/STM32CubeIDE/plugins/com.st.stm32cube.ide.mcu.externaltools.gnu-tools-for-stm32.12.3.rel1.win32_1.0.100.202403111256/tools/bin/../lib/gcc/arm-none-eabi/12.3.1/../../../../arm-none-eabi/lib/thumb/v7e-m+fp/hard\libc_nano.a(libc_a-findfp.o) (_fwalk_sglue)
C:/ST/STM32CubeIDE_1.15.1/STM32CubeIDE/plugins/com.st.stm32cube.ide.mcu.externaltools.gnu-tools-for-stm32.12.3.rel1.win32_1.0.100.202403111256/tools/bin/../lib/gcc/arm-none-eabi/12.3.1/../../../../arm-none-eabi/lib/thumb/v7e-m+fp/hard\libc_nano.a(libc_a-stdio.o)
                              C:/ST/STM32CubeIDE_1.15.1/STM32CubeIDE/plugins/com.st.stm32cube.ide.mcu.externaltools.gnu-tools-for-stm32.12.3.rel1.win32_1.0.100.202403111256/tools/bin/../lib/gcc/arm-none-eabi/12.3.1/../../../../arm-none-eabi/lib/thumb/v7e-m+fp/hard\libc_nano.a(libc_a-findfp.o) (__sread)
C:/ST/STM32CubeIDE_1.15.1/STM32CubeIDE/plugins/com.st.stm32cube.ide.mcu.externaltools.gnu-tools-for-stm32.12.3.rel1.win32_1.0.100.202403111256/tools/bin/../lib/gcc/arm-none-eabi/12.3.1/../../../../arm-none-eabi/lib/thumb/v7e-m+fp/hard\libc_nano.a(libc_a-memset.o)
                              C:/ST/STM32CubeIDE_1.15.1/STM32CubeIDE/plugins/com.st.stm32cube.ide.mcu.externaltools.gnu-tools-for-stm32.12.3.rel1.win32_1.0.100.202403111256/tools/bin/../lib/gcc/arm-none-eabi/12.3.1/../../../../arm-none-eabi/lib/thumb/v7e-m+fp/hard/crt0.o (memset)
C:/ST/STM32CubeIDE_1.15.1/STM32CubeIDE/plugins/com.st.stm32cube.ide.mcu.externaltools.gnu-tools-for-stm32.12.3.rel1.win32_1.0.100.202403111256/tools/bin/../lib/gcc/arm-none-eabi/12.3.1/../../../../arm-none-eabi/lib/thumb/v7e-m+fp/hard\libc_nano.a(libc_a-closer.o)
                              C:/ST/STM32CubeIDE_1.15.1/STM32CubeIDE/plugins/com.st.stm32cube.ide.mcu.externaltools.gnu-tools-for-stm32.12.3.rel1.win32_1.0.100.202403111256/tools/bin/../lib/gcc/arm-none-eabi/12.3.1/../../../../arm-none-eabi/lib/thumb/v7e-m+fp/hard\libc_nano.a(libc_a-stdio.o) (_close_r)
C:/ST/STM32CubeIDE_1.15.1/STM32CubeIDE/plugins/com.st.stm32cube.ide.mcu.externaltools.gnu-tools-for-stm32.12.3.rel1.win32_1.0.100.202403111256/tools/bin/../lib/gcc/arm-none-eabi/12.3.1/../../../../arm-none-eabi/lib/thumb/v7e-m+fp/hard\libc_nano.a(libc_a-reent.o)
                              C:/ST/STM32CubeIDE_1.15.1/STM32CubeIDE/plugins/com.st.stm32cube.ide.mcu.externaltools.gnu-tools-for-stm32.12.3.rel1.win32_1.0.100.202403111256/tools/bin/../lib/gcc/arm-none-eabi/12.3.1/../../../../arm-none-eabi/lib/thumb/v7e-m+fp/hard\libc_nano.a(libc_a-closer.o) (errno)
C:/ST/STM32CubeIDE_1.15.1/STM32CubeIDE/plugins/com.st.stm32cube.ide.mcu.externaltools.gnu-tools-for-stm32.12.3.rel1.win32_1.0.100.202403111256/tools/bin/../lib/gcc/arm-none-eabi/12.3.1/../../../../arm-none-eabi/lib/thumb/v7e-m+fp/hard\libc_nano.a(libc_a-impure.o)
                              C:/ST/STM32CubeIDE_1.15.1/STM32CubeIDE/plugins/com.st.stm32cube.ide.mcu.externaltools.gnu-tools-for-stm32.12.3.rel1.win32_1.0.100.202403111256/tools/bin/../lib/gcc/arm-none-eabi/12.3.1/../../../../arm-none-eabi/lib/thumb/v7e-m+fp/hard\libc_nano.a(libc_a-reent.o) (_impure_ptr)
C:/ST/STM32CubeIDE_1.15.1/STM32CubeIDE/plugins/com.st.stm32cube.ide.mcu.externaltools.gnu-tools-for-stm32.12.3.rel1.win32_1.0.100.202403111256/tools/bin/../lib/gcc/arm-none-eabi/12.3.1/../../../../arm-none-eabi/lib/thumb/v7e-m+fp/hard\libc_nano.a(libc_a-lseekr.o)
[...]
Memory Configuration

Name             Origin             Length             Attributes
RAM              0x20000000         0x00028000         xrw
SRAM2            0x10000000         0x00008000         xrw
FLASH            0x08000000         0x00080000         xr
*default*        0x00000000         0xffffffff

Linker script and memory map

LOAD C:/ST/STM32CubeIDE_1.15.1/STM32CubeIDE/plugins/com.st.stm32cube.ide.mcu.externaltools.gnu-tools-for-stm32.12.3.rel1.win32_1.0.100.202403111256/tools/bin/../lib/gcc/arm-none-eabi/12.3.1/thumb/v7e-m+fp/hard/crti.o
LOAD C:/ST/STM32CubeIDE_1.15.1/STM32CubeIDE/plugins/com.st.stm32cube.ide.mcu.externaltools.gnu-tools-for-stm32.12.3.rel1.win32_1.0.100.202403111256/tools/bin/../lib/gcc/arm-none-eabi/12.3.1/thumb/v7e-m+fp/hard/crtbegin.o
LOAD C:/ST/STM32CubeIDE_1.15.1/STM32CubeIDE/plugins/com.st.stm32cube.ide.mcu.externaltools.gnu-tools-for-stm32.12.3.rel1.win32_1.0.100.202403111256/tools/bin/../lib/gcc/arm-none-eabi/12.3.1/../../../../arm-none-eabi/lib/thumb/v7e-m+fp/hard/crt0.o
LOAD ./Src/CANx.o
LOAD ./Src/GPIOx.o
LOAD ./Src/I2Cx.o
LOAD ./Src/NVIC.o
LOAD ./Src/main.o
LOAD ./Src/syscalls.o
LOAD ./Src/sysmem.o
LOAD ./Src/system_stm32l4xx.o
LOAD ./Startup/startup_stm32l452retxp.o
START GROUP
LOAD C:/ST/STM32CubeIDE_1.15.1/STM32CubeIDE/plugins/com.st.stm32cube.ide.mcu.externaltools.gnu-tools-for-stm32.12.3.rel1.win32_1.0.100.202403111256/tools/bin/../lib/gcc/arm-none-eabi/12.3.1/../../../../arm-none-eabi/lib/thumb/v7e-m+fp/hard\libc_nano.a
LOAD C:/ST/STM32CubeIDE_1.15.1/STM32CubeIDE/plugins/com.st.stm32cube.ide.mcu.externaltools.gnu-tools-for-stm32.12.3.rel1.win32_1.0.100.202403111256/tools/bin/../lib/gcc/arm-none-eabi/12.3.1/../../../../arm-none-eabi/lib/thumb/v7e-m+fp/hard\libm.a
END GROUP
START GROUP
LOAD C:/ST/STM32CubeIDE_1.15.1/STM32CubeIDE/plugins/com.st.stm32cube.ide.mcu.externaltools.gnu-tools-for-stm32.12.3.rel1.win32_1.0.100.202403111256/tools/bin/../lib/gcc/arm-none-eabi/12.3.1/thumb/v7e-m+fp/hard\libgcc.a
LOAD C:/ST/STM32CubeIDE_1.15.1/STM32CubeIDE/plugins/com.st.stm32cube.ide.mcu.externaltools.gnu-tools-for-stm32.12.3.rel1.win32_1.0.100.202403111256/tools/bin/../lib/gcc/arm-none-eabi/12.3.1/../../../../arm-none-eabi/lib/thumb/v7e-m+fp/hard\libc_nano.a
END GROUP
START GROUP
LOAD C:/ST/STM32CubeIDE_1.15.1/STM32CubeIDE/plugins/com.st.stm32cube.ide.mcu.externaltools.gnu-tools-for-stm32.12.3.rel1.win32_1.0.100.202403111256/tools/bin/../lib/gcc/arm-none-eabi/12.3.1/thumb/v7e-m+fp/hard\libgcc.a
LOAD C:/ST/STM32CubeIDE_1.15.1/STM32CubeIDE/plugins/com.st.stm32cube.ide.mcu.externaltools.gnu-tools-for-stm32.12.3.rel1.win32_1.0.100.202403111256/tools/bin/../lib/gcc/arm-none-eabi/12.3.1/../../../../arm-none-eabi/lib/thumb/v7e-m+fp/hard\libc_nano.a
LOAD C:/ST/STM32CubeIDE_1.15.1/STM32CubeIDE/plugins/com.st.stm32cube.ide.mcu.externaltools.gnu-tools-for-stm32.12.3.rel1.win32_1.0.100.202403111256/tools/bin/../lib/gcc/arm-none-eabi/12.3.1/../../../../arm-none-eabi/lib/thumb/v7e-m+fp/hard\libnosys.a
END GROUP
START GROUP
LOAD C:/ST/STM32CubeIDE_1.15.1/STM32CubeIDE/plugins/com.st.stm32cube.ide.mcu.externaltools.gnu-tools-for-stm32.12.3.rel1.win32_1.0.100.202403111256/tools/bin/../lib/gcc/arm-none-eabi/12.3.1/thumb/v7e-m+fp/hard\libgcc.a
LOAD C:/ST/STM32CubeIDE_1.15.1/STM32CubeIDE/plugins/com.st.stm32cube.ide.mcu.externaltools.gnu-tools-for-stm32.12.3.rel1.win32_1.0.100.202403111256/tools/bin/../lib/gcc/arm-none-eabi/12.3.1/../../../../arm-none-eabi/lib/thumb/v7e-m+fp/hard\libc_nano.a
LOAD C:/ST/STM32CubeIDE_1.15.1/STM32CubeIDE/plugins/com.st.stm32cube.ide.mcu.externaltools.gnu-tools-for-stm32.12.3.rel1.win32_1.0.100.202403111256/tools/bin/../lib/gcc/arm-none-eabi/12.3.1/../../../../arm-none-eabi/lib/thumb/v7e-m+fp/hard\libnosys.a
END GROUP
LOAD C:/ST/STM32CubeIDE_1.15.1/STM32CubeIDE/plugins/com.st.stm32cube.ide.mcu.externaltools.gnu-tools-for-stm32.12.3.rel1.win32_1.0.100.202403111256/tools/bin/../lib/gcc/arm-none-eabi/12.3.1/thumb/v7e-m+fp/hard/crtend.o
LOAD C:/ST/STM32CubeIDE_1.15.1/STM32CubeIDE/plugins/com.st.stm32cube.ide.mcu.externaltools.gnu-tools-for-stm32.12.3.rel1.win32_1.0.100.202403111256/tools/bin/../lib/gcc/arm-none-eabi/12.3.1/thumb/v7e-m+fp/hard/crtn.o
                0x20028000                        _estack = (ORIGIN (RAM) + LENGTH (RAM))
                0x00000200                        _Min_Heap_Size = 0x200
                0x00000400                        _Min_Stack_Size = 0x400

.isr_vector     0x08000000      0x194
                0x08000000                        . = ALIGN (0x4)
 *(.isr_vector)
 .isr_vector    0x08000000      0x194 ./Startup/startup_stm32l452retxp.o
                0x08000000                g_pfnVectors
                0x08000194                        . = ALIGN (0x4)

.text           0x08000198     0x1b70
                0x08000198                        . = ALIGN (0x4)
 *(.text)
 .text          0x08000198       0x40 C:/ST/STM32CubeIDE_1.15.1/STM32CubeIDE/plugins/com.st.stm32cube.ide.mcu.externaltools.gnu-tools-for-stm32.12.3.rel1.win32_1.0.100.202403111256/tools/bin/../lib/gcc/arm-none-eabi/12.3.1/thumb/v7e-m+fp/hard/crtbegin.o
 .text          0x080001d8      0x378 C:/ST/STM32CubeIDE_1.15.1/STM32CubeIDE/plugins/com.st.stm32cube.ide.mcu.externaltools.gnu-tools-for-stm32.12.3.rel1.win32_1.0.100.202403111256/tools/bin/../lib/gcc/arm-none-eabi/12.3.1/thumb/v7e-m+fp/hard\libgcc.a(_arm_addsubdf3.o)
                0x080001d8                __aeabi_drsub
                0x080001e0                __aeabi_dsub
                0x080001e0                __subdf3
                0x080001e4                __aeabi_dadd
                0x080001e4                __adddf3
                0x0800045c                __floatunsidf
                0x0800045c                __aeabi_ui2d
                0x0800047c                __floatsidf
                0x0800047c                __aeabi_i2d
                0x080004a0                __aeabi_f2d
                0x080004a0                __extendsfdf2
                0x080004e4                __floatundidf
                0x080004e4                __aeabi_ul2d
                0x080004f4                __floatdidf
                0x080004f4                __aeabi_l2d
 .text          0x08000550      0x424 C:/ST/STM32CubeIDE_1.15.1/STM32CubeIDE/plugins/com.st.stm32cube.ide.mcu.externaltools.gnu-tools-for-stm32.12.3.rel1.win32_1.0.100.202403111256/tools/bin/../lib/gcc/arm-none-eabi/12.3.1/thumb/v7e-m+fp/hard\libgcc.a(_arm_muldivdf3.o)
                0x08000550                __aeabi_dmul
                0x08000550                __muldf3
                0x080007a4                __divdf3
                0x080007a4                __aeabi_ddiv
 .text          0x08000974       0xa0 C:/ST/STM32CubeIDE_1.15.1/STM32CubeIDE/plugins/com.st.stm32cube.ide.mcu.externaltools.gnu-tools-for-stm32.12.3.rel1.win32_1.0.100.202403111256/tools/bin/../lib/gcc/arm-none-eabi/12.3.1/thumb/v7e-m+fp/hard\libgcc.a(_arm_truncdfsf2.o)
                0x08000974                __truncdfsf2
                0x08000974                __aeabi_d2f
 *(.text*)
 .text.RCC_En_CANx
                0x08000a14       0x30 ./Src/CANx.o
                0x08000a14                RCC_En_CANx
 .text.CANx_Init
                0x08000a44       0xc2 ./Src/CANx.o
                0x08000a44                CANx_Init
 .text.CANx_BitTiming_500Kz
                0x08000b06       0x6c ./Src/CANx.o
                0x08000b06                CANx_BitTiming_500Kz
 .text.CAN_FilterInit
                0x08000b72      0x112 ./Src/CANx.o
                0x08000b72                CAN_FilterInit
 .text.CAN_SetFilterValue
                0x08000c84       0xb2 ./Src/CANx.o
                0x08000c84                CAN_SetFilterValue
 .text.CAN_MailboxConfig
                0x08000d36       0xae ./Src/CANx.o
                0x08000d36                CAN_MailboxConfig
 .text.CAN_SendData
                0x08000de4       0xc2 ./Src/CANx.o
                0x08000de4                CAN_SendData
 .text.CANx_EnFIFO1Ints
                0x08000ea6       0x20 ./Src/CANx.o
                0x08000ea6                CANx_EnFIFO1Ints
 .text.CANx_EnFIFO0Ints
                0x08000ec6       0x20 ./Src/CANx.o
                0x08000ec6                CANx_EnFIFO0Ints
 .text.CANx_GetLEC
                0x08000ee6       0x24 ./Src/CANx.o
                0x08000ee6                CANx_GetLEC
 .text.CAN1_Rx0_FIFOx
                0x08000f0a       0xfa ./Src/CANx.o
                0x08000f0a                CAN1_Rx0_FIFOx
 .text.CAN1_Rx1_FIFOx
                0x08001004       0xfa ./Src/CANx.o
                0x08001004                CAN1_Rx1_FIFOx
 .text.GPIOx_InitAF
                0x080010fe       0xde ./Src/GPIOx.o
                0x080010fe                GPIOx_InitAF
 .text.GPIOx_InitIO
                0x080011dc       0xaa ./Src/GPIOx.o
                0x080011dc                GPIOx_InitIO
 *fill*         0x08001286        0x2 
 .text.RCC_EnPort
                0x08001288       0xb0 ./Src/GPIOx.o
                0x08001288                RCC_EnPort
 .text.SystCLK_SetMSI
                0x08001338       0x48 ./Src/GPIOx.o
                0x08001338                SystCLK_SetMSI
 .text.I2C_delay
                0x08001380       0x22 ./Src/I2Cx.o
                0x08001380                I2C_delay
 *fill*         0x080013a2        0x2 
 .text.RCC_En_I2C
                0x080013a4       0x48 ./Src/I2Cx.o
                0x080013a4                RCC_En_I2C
 .text.I2C_Init
                0x080013ec       0x74 ./Src/I2Cx.o
                0x080013ec                I2C_Init
 .text.I2C_Tx_1Byte
                0x08001460       0xc2 ./Src/I2Cx.o
                0x08001460                I2C_Tx_1Byte
 .text.I2C_Rx_1Byte
                0x08001522      0x12a ./Src/I2Cx.o
                0x08001522                I2C_Rx_1Byte
 .text.I2C_Tx_2Bytes
                0x0800164c       0xdc ./Src/I2Cx.o
                0x0800164c                I2C_Tx_2Bytes
 .text.NVIC_Enable
                0x08001728       0x58 ./Src/NVIC.o
                0x08001728                NVIC_Enable
 .text.__NVIC_ClearPendingIRQ
                0x08001780       0x3c ./Src/main.o
 .text.MPU6050_Init
                0x080017bc       0x60 ./Src/main.o
                0x080017bc                MPU6050_Init
 .text.MPU6050_Read
                0x0800181c       0x34 ./Src/main.o
                0x0800181c                MPU6050_Read
 .text.main     0x08001850      0x10c ./Src/main.o
                0x08001850                main
 .text.Init_Peripheral
                0x0800195c       0x38 ./Src/main.o
                0x0800195c                Init_Peripheral
 .text.Conf_Peripheral
                0x08001994       0xa4 ./Src/main.o
                0x08001994                Conf_Peripheral
 .text.MPU6050_Read_Ace_Giro
                0x08001a38      0x18c ./Src/main.o
                0x08001a38                MPU6050_Read_Ace_Giro
 .text.delay    0x08001bc4       0x22 ./Src/main.o
                0x08001bc4                delay
 *fill*         0x08001be6        0x2 
 .text.CAN1_RX0_IRQHandler
                0x08001be8       0x24 ./Src/main.o
                0x08001be8                CAN1_RX0_IRQHandler
 .text.CAN1_RX1_IRQHandler
                0x08001c0c       0x24 ./Src/main.o
                0x08001c0c                CAN1_RX1_IRQHandler
 .text.SystemInit
                0x08001c30       0x24 ./Src/system_stm32l4xx.o
                0x08001c30                SystemInit
 .text.Reset_Handler
                0x08001c54       0x50 ./Startup/startup_stm32l452retxp.o
                0x08001c54                Reset_Handler
 .text.Default_Handler
                0x08001ca4        0x2 ./Startup/startup_stm32l452retxp.o
                0x08001ca4                EXTI2_IRQHandler
                0x08001ca4                DebugMon_Handler
                0x08001ca4                DMA1_CH4_IRQHandler
                0x08001ca4                TIM1_CC_IRQHandler
                0x08001ca4                TSC_IRQHandler
                0x08001ca4                HardFault_Handler
                0x08001ca4                SysTick_Handler
                0x08001ca4                PendSV_Handler
                0x08001ca4                NMI_Handler
                0x08001ca4                EXTI3_IRQHandler
                0x08001ca4                LPTIM2_IRQHandler
                0x08001ca4                DFSDM1_FLT1_IRQHandler
                0x08001ca4                USB_FS_IRQHandler
                0x08001ca4                I2C3_ER_IRQHandler
                0x08001ca4                DFSDM1_FLT2_IRQHandler
                0x08001ca4                TIM6_DACUNDER_IRQHandler
                0x08001ca4                EXTI0_IRQHandler
                0x08001ca4                I2C2_EV_IRQHandler
                0x08001ca4                DMA2_CH1_IRQHandler
                0x08001ca4                TIM1_UP_TIM16_IRQHandler
                0x08001ca4                DMA2_CH7_IRQHandler
                0x08001ca4                UsageFault_Handler
                0x08001ca4                SPI1_IRQHandler
                0x08001ca4                DMA1_CH7_IRQHandler
                0x08001ca4                RTC_ALARM_IRQHandler
                0x08001ca4                ADC1_IRQHandler
                0x08001ca4                DFSDM1_FLT3_IRQHandler
                0x08001ca4                DMA1_CH6_IRQHandler
                0x08001ca4                USART3_IRQHandler
                0x08001ca4                LCD_IRQHandler
                0x08001ca4                ADC3_IRQHandler
                0x08001ca4                QUADSPI_IRQHandler
                0x08001ca4                I2C1_EV_IRQHandler
                0x08001ca4                DMA2_CH5_IRQHandler
                0x08001ca4                UART4_IRQHandler
                0x08001ca4                DMA1_CH3_IRQHandler
                0x08001ca4                TIM3_IRQHandler
                0x08001ca4                RCC_IRQHandler
                0x08001ca4                TIM1_TRG_COM_IRQHandler
                0x08001ca4                Default_Handler
                0x08001ca4                EXTI15_10_IRQHandler
                0x08001ca4                TIM7_IRQHandler
                0x08001ca4                SDMMC1_IRQHandler
                0x08001ca4                I2C3_EV_IRQHandler
                0x08001ca4                EXTI9_5_IRQHandler
                0x08001ca4                DMA1_CH2_IRQHandler
                0x08001ca4                RTC_WKUP_IRQHandler
                0x08001ca4                PVD_PVM_IRQHandler
                0x08001ca4                SPI2_IRQHandler
                0x08001ca4                DMA1_CH1_IRQHandler
                0x08001ca4                MemManage_Handler
                0x08001ca4                CAN1_TX_IRQHandler
                0x08001ca4                SVC_Handler
                0x08001ca4                CRS_IRQHandler
                0x08001ca4                EXTI4_IRQHandler
                0x08001ca4                RNG_IRQHandler
                0x08001ca4                COMP_IRQHandler
                0x08001ca4                WWDG_IRQHandler
                0x08001ca4                I2C4_EV_IRQHandler
                0x08001ca4                LPUART1_IRQHandler
                0x08001ca4                TIM2_IRQHandler
                0x08001ca4                EXTI1_IRQHandler
                0x08001ca4                AES_IRQHandler
                0x08001ca4                USART2_IRQHandler
                0x08001ca4                DFSDM1_FLT0_IRQHandler
                0x08001ca4                I2C2_ER_IRQHandler
                0x08001ca4                CAN1_SCE_IRQHandler
                0x08001ca4                FLASH_IRQHandler
                0x08001ca4                BusFault_Handler
                0x08001ca4                USART1_IRQHandler
                0x08001ca4                SPI3_IRQHandler
                0x08001ca4                DMA2_CH6_IRQHandler
                0x08001ca4                DMA2_CH3_IRQHandler
                0x08001ca4                DMA2_CH2_IRQHandler
                0x08001ca4                I2C1_ER_IRQHandler
                0x08001ca4                DMA1_CH5_IRQHandler
                0x08001ca4                DMA2_CH4_IRQHandler
                0x08001ca4                SWPMI1_IRQHandler
                0x08001ca4                LPTIM1_IRQHandler
                0x08001ca4                I2C4_ER_IRQHandler
                0x08001ca4                RTC_TAMP_STAMP_IRQHandler
                0x08001ca4                SAI1_IRQHandler
                0x08001ca4                TIM1_BRK_TIM15_IRQHandler
 *fill*         0x08001ca6        0x2 
 .text.__libc_init_array
                0x08001ca8       0x48 C:/ST/STM32CubeIDE_1.15.1/STM32CubeIDE/plugins/com.st.stm32cube.ide.mcu.externaltools.gnu-tools-for-stm32.12.3.rel1.win32_1.0.100.202403111256/tools/bin/../lib/gcc/arm-none-eabi/12.3.1/../../../../arm-none-eabi/lib/thumb/v7e-m+fp/hard\libc_nano.a(libc_a-init.o)
                0x08001ca8                __libc_init_array
 *(.glue_7)
 .glue_7        0x08001cf0        0x0 linker stubs
 *(.glue_7t)
 .glue_7t       0x08001cf0        0x0 linker stubs
 *(.eh_frame)
 .eh_frame      0x08001cf0        0x0 C:/ST/STM32CubeIDE_1.15.1/STM32CubeIDE/plugins/com.st.stm32cube.ide.mcu.externaltools.gnu-tools-for-stm32.12.3.rel1.win32_1.0.100.202403111256/tools/bin/../lib/gcc/arm-none-eabi/12.3.1/thumb/v7e-m+fp/hard/crtbegin.o
 *(.init)
 .init          0x08001cf0        0x4 C:/ST/STM32CubeIDE_1.15.1/STM32CubeIDE/plugins/com.st.stm32cube.ide.mcu.externaltools.gnu-tools-for-stm32.12.3.rel1.win32_1.0.100.202403111256/tools/bin/../lib/gcc/arm-none-eabi/12.3.1/thumb/v7e-m+fp/hard/crti.o
                0x08001cf0                _init
 .init          0x08001cf4        0x8 C:/ST/STM32CubeIDE_1.15.1/STM32CubeIDE/plugins/com.st.stm32cube.ide.mcu.externaltools.gnu-tools-for-stm32.12.3.rel1.win32_1.0.100.202403111256/tools/bin/../lib/gcc/arm-none-eabi/12.3.1/thumb/v7e-m+fp/hard/crtn.o
 *(.fini)
 .fini          0x08001cfc        0x4 C:/ST/STM32CubeIDE_1.15.1/STM32CubeIDE/plugins/com.st.stm32cube.ide.mcu.externaltools.gnu-tools-for-stm32.12.3.rel1.win32_1.0.100.202403111256/tools/bin/../lib/gcc/arm-none-eabi/12.3.1/thumb/v7e-m+fp/hard/crti.o
                0x08001cfc                _fini
 .fini          0x08001d00        0x8 C:/ST/STM32CubeIDE_1.15.1/STM32CubeIDE/plugins/com.st.stm32cube.ide.mcu.externaltools.gnu-tools-for-stm32.12.3.rel1.win32_1.0.100.202403111256/tools/bin/../lib/gcc/arm-none-eabi/12.3.1/thumb/v7e-m+fp/hard/crtn.o
                0x08001d08                        . = ALIGN (0x4)
                0x08001d08                        _etext = .

.vfp11_veneer   0x08001d08        0x0
 .vfp11_veneer  0x08001d08        0x0 linker stubs

.v4_bx          0x08001d08        0x0
 .v4_bx         0x08001d08        0x0 linker stubs

.iplt           0x08001d08        0x0
 .iplt          0x08001d08        0x0 C:/ST/STM32CubeIDE_1.15.1/STM32CubeIDE/plugins/com.st.stm32cube.ide.mcu.externaltools.gnu-tools-for-stm32.12.3.rel1.win32_1.0.100.202403111256/tools/bin/../lib/gcc/arm-none-eabi/12.3.1/thumb/v7e-m+fp/hard/crtbegin.o

.rodata         0x08001d08        0x0
                0x08001d08                        . = ALIGN (0x4)
 *(.rodata)
 *(.rodata*)
                0x08001d08                        . = ALIGN (0x4)

.ARM.extab      0x08001d08        0x0
                0x08001d08                        . = ALIGN (0x4)
 *(.ARM.extab* .gnu.linkonce.armextab.*)
                0x08001d08                        . = ALIGN (0x4)

.ARM            0x08001d08        0x0
                0x08001d08                        . = ALIGN (0x4)
                0x08001d08                        __exidx_start = .
 *(.ARM.exidx*)
                0x08001d08                        __exidx_end = .
                0x08001d08                        . = ALIGN (0x4)

.preinit_array  0x08001d08        0x0
                0x08001d08                        . = ALIGN (0x4)
                0x08001d08                        PROVIDE (__preinit_array_start = .)
 *(.preinit_array*)
                0x08001d08                        PROVIDE (__preinit_array_end = .)
                0x08001d08                        . = ALIGN (0x4)

.init_array     0x08001d08        0x4
                0x08001d08                        . = ALIGN (0x4)
                0x08001d08                        PROVIDE (__init_array_start = .)
 *(SORT_BY_NAME(.init_array.*))
 *(.init_array*)
 .init_array    0x08001d08        0x4 C:/ST/STM32CubeIDE_1.15.1/STM32CubeIDE/plugins/com.st.stm32cube.ide.mcu.externaltools.gnu-tools-for-stm32.12.3.rel1.win32_1.0.100.202403111256/tools/bin/../lib/gcc/arm-none-eabi/12.3.1/thumb/v7e-m+fp/hard/crtbegin.o
                0x08001d0c                        PROVIDE (__init_array_end = .)
                0x08001d0c                        . = ALIGN (0x4)

.fini_array     0x08001d0c        0x4
                0x08001d0c                        . = ALIGN (0x4)
                [!provide]                        PROVIDE (__fini_array_start = .)
 *(SORT_BY_NAME(.fini_array.*))
 *(.fini_array*)
 .fini_array    0x08001d0c        0x4 C:/ST/STM32CubeIDE_1.15.1/STM32CubeIDE/plugins/com.st.stm32cube.ide.mcu.externaltools.gnu-tools-for-stm32.12.3.rel1.win32_1.0.100.202403111256/tools/bin/../lib/gcc/arm-none-eabi/12.3.1/thumb/v7e-m+fp/hard/crtbegin.o
                [!provide]                        PROVIDE (__fini_array_end = .)
                0x08001d10                        . = ALIGN (0x4)
                0x08001d10                        _sidata = LOADADDR (.data)

.rel.dyn        0x08001d10        0x0
 .rel.iplt      0x08001d10        0x0 C:/ST/STM32CubeIDE_1.15.1/STM32CubeIDE/plugins/com.st.stm32cube.ide.mcu.externaltools.gnu-tools-for-stm32.12.3.rel1.win32_1.0.100.202403111256/tools/bin/../lib/gcc/arm-none-eabi/12.3.1/thumb/v7e-m+fp/hard/crtbegin.o

.data           0x20000000        0x0 load address 0x08001d10
                0x20000000                        . = ALIGN (0x4)
                0x20000000                        _sdata = .
 *(.data)
 *(.data*)
 *(.RamFunc)
 *(.RamFunc*)
                0x20000000                        . = ALIGN (0x4)
                0x20000000                        _edata = .
                0x08001d10                        _sisram2 = LOADADDR (.sram2)

.igot.plt       0x20000000        0x0 load address 0x08001d10
 .igot.plt      0x20000000        0x0 C:/ST/STM32CubeIDE_1.15.1/STM32CubeIDE/plugins/com.st.stm32cube.ide.mcu.externaltools.gnu-tools-for-stm32.12.3.rel1.win32_1.0.100.202403111256/tools/bin/../lib/gcc/arm-none-eabi/12.3.1/thumb/v7e-m+fp/hard/crtbegin.o

.sram2          0x10000000        0x0 load address 0x08001d10
                0x10000000                        . = ALIGN (0x4)
                0x10000000                        _ssram2 = .
 *(.sram2)
 *(.sram2*)
                0x10000000                        . = ALIGN (0x4)
                0x10000000                        _esram2 = .
                0x10000000                        . = ALIGN (0x4)

.bss            0x20000000       0x4c
                0x20000000                        _sbss = .
                0x20000000                        __bss_start__ = _sbss
 *(.bss)
 .bss           0x20000000       0x1c C:/ST/STM32CubeIDE_1.15.1/STM32CubeIDE/plugins/com.st.stm32cube.ide.mcu.externaltools.gnu-tools-for-stm32.12.3.rel1.win32_1.0.100.202403111256/tools/bin/../lib/gcc/arm-none-eabi/12.3.1/thumb/v7e-m+fp/hard/crtbegin.o
 *(.bss*)
 .bss.AC_X      0x2000001c        0x2 ./Src/main.o
                0x2000001c                AC_X
 .bss.AC_Y      0x2000001e        0x2 ./Src/main.o
                0x2000001e                AC_Y
 .bss.AC_Z      0x20000020        0x2 ./Src/main.o
                0x20000020                AC_Z
 *fill*         0x20000022        0x2 
 .bss.AX        0x20000024        0x4 ./Src/main.o
                0x20000024                AX
 .bss.AY        0x20000028        0x4 ./Src/main.o
                0x20000028                AY
 .bss.AZ        0x2000002c        0x4 ./Src/main.o
                0x2000002c                AZ
 .bss.G_X       0x20000030        0x2 ./Src/main.o
                0x20000030                G_X
 .bss.G_Y       0x20000032        0x2 ./Src/main.o
                0x20000032                G_Y
 .bss.G_Z       0x20000034        0x2 ./Src/main.o
                0x20000034                G_Z
 *fill*         0x20000036        0x2 
 .bss.GX        0x20000038        0x4 ./Src/main.o
                0x20000038                GX
 .bss.GY        0x2000003c        0x4 ./Src/main.o
                0x2000003c                GY
 .bss.GZ        0x20000040        0x4 ./Src/main.o
                0x20000040                GZ
 .bss.FIFOmailBox0
                0x20000044        0x4 ./Src/main.o
                0x20000044                FIFOmailBox0
 .bss.FIFOmailBox1
                0x20000048        0x4 ./Src/main.o
                0x20000048                FIFOmailBox1
 *(COMMON)
                0x2000004c                        . = ALIGN (0x4)
                0x2000004c                        _ebss = .
                0x2000004c                        __bss_end__ = _ebss

._user_heap_stack
                0x2000004c      0x604
                0x20000050                        . = ALIGN (0x8)
 *fill*         0x2000004c        0x4 
                [!provide]                        PROVIDE (end = .)
                0x20000050                        PROVIDE (_end = .)
                0x20000250                        . = (. + _Min_Heap_Size)
 *fill*         0x20000050      0x200 
                0x20000650                        . = (. + _Min_Stack_Size)
 *fill*         0x20000250      0x400 
                0x20000650                        . = ALIGN (0x8)

/DISCARD/
 libc.a(*)
 libm.a(*)
 libgcc.a(*)

.ARM.attributes
                0x00000000       0x30
 *(.ARM.attributes)
 .ARM.attributes
                0x00000000       0x22 C:/ST/STM32CubeIDE_1.15.1/STM32CubeIDE/plugins/com.st.stm32cube.ide.mcu.externaltools.gnu-tools-for-stm32.12.3.rel1.win32_1.0.100.202403111256/tools/bin/../lib/gcc/arm-none-eabi/12.3.1/thumb/v7e-m+fp/hard/crti.o
 .ARM.attributes
                0x00000022       0x34 C:/ST/STM32CubeIDE_1.15.1/STM32CubeIDE/plugins/com.st.stm32cube.ide.mcu.externaltools.gnu-tools-for-stm32.12.3.rel1.win32_1.0.100.202403111256/tools/bin/../lib/gcc/arm-none-eabi/12.3.1/thumb/v7e-m+fp/hard/crtbegin.o
 .ARM.attributes
                0x00000056       0x34 ./Src/CANx.o
 .ARM.attributes
                0x0000008a       0x34 ./Src/GPIOx.o
 .ARM.attributes
                0x000000be       0x34 ./Src/I2Cx.o
 .ARM.attributes
                0x000000f2       0x34 ./Src/NVIC.o
 .ARM.attributes
                0x00000126       0x34 ./Src/main.o
 .ARM.attributes
                0x0000015a       0x34 ./Src/system_stm32l4xx.o
 .ARM.attributes
                0x0000018e       0x21 ./Startup/startup_stm32l452retxp.o
 .ARM.attributes
                0x000001af       0x34 C:/ST/STM32CubeIDE_1.15.1/STM32CubeIDE/plugins/com.st.stm32cube.ide.mcu.externaltools.gnu-tools-for-stm32.12.3.rel1.win32_1.0.100.202403111256/tools/bin/../lib/gcc/arm-none-eabi/12.3.1/../../../../arm-none-eabi/lib/thumb/v7e-m+fp/hard\libc_nano.a(libc_a-init.o)
 .ARM.attributes
                0x000001e3       0x22 C:/ST/STM32CubeIDE_1.15.1/STM32CubeIDE/plugins/com.st.stm32cube.ide.mcu.externaltools.gnu-tools-for-stm32.12.3.rel1.win32_1.0.100.202403111256/tools/bin/../lib/gcc/arm-none-eabi/12.3.1/thumb/v7e-m+fp/hard\libgcc.a(_arm_addsubdf3.o)
 .ARM.attributes
                0x00000205       0x22 C:/ST/STM32CubeIDE_1.15.1/STM32CubeIDE/plugins/com.st.stm32cube.ide.mcu.externaltools.gnu-tools-for-stm32.12.3.rel1.win32_1.0.100.202403111256/tools/bin/../lib/gcc/arm-none-eabi/12.3.1/thumb/v7e-m+fp/hard\libgcc.a(_arm_muldivdf3.o)
 .ARM.attributes
                0x00000227       0x22 C:/ST/STM32CubeIDE_1.15.1/STM32CubeIDE/plugins/com.st.stm32cube.ide.mcu.externaltools.gnu-tools-for-stm32.12.3.rel1.win32_1.0.100.202403111256/tools/bin/../lib/gcc/arm-none-eabi/12.3.1/thumb/v7e-m+fp/hard\libgcc.a(_arm_truncdfsf2.o)
 .ARM.attributes
                0x00000249       0x22 C:/ST/STM32CubeIDE_1.15.1/STM32CubeIDE/plugins/com.st.stm32cube.ide.mcu.externaltools.gnu-tools-for-stm32.12.3.rel1.win32_1.0.100.202403111256/tools/bin/../lib/gcc/arm-none-eabi/12.3.1/thumb/v7e-m+fp/hard/crtn.o
OUTPUT(ProyectoAV_v2.0.elf elf32-littlearm)
LOAD linker stubs
LOAD C:/ST/STM32CubeIDE_1.15.1/STM32CubeIDE/plugins/com.st.stm32cube.ide.mcu.externaltools.gnu-tools-for-stm32.12.3.rel1.win32_1.0.100.202403111256/tools/bin/../lib/gcc/arm-none-eabi/12.3.1/../../../../arm-none-eabi/lib/thumb/v7e-m+fp/hard\libc.a
LOAD C:/ST/STM32CubeIDE_1.15.1/STM32CubeIDE/plugins/com.st.stm32cube.ide.mcu.externaltools.gnu-tools-for-stm32.12.3.rel1.win32_1.0.100.202403111256/tools/bin/../lib/gcc/arm-none-eabi/12.3.1/../../../../arm-none-eabi/lib/thumb/v7e-m+fp/hard\libm.a
LOAD C:/ST/STM32CubeIDE_1.15.1/STM32CubeIDE/plugins/com.st.stm32cube.ide.mcu.externaltools.gnu-tools-for-stm32.12.3.rel1.win32_1.0.100.202403111256/tools/bin/../lib/gcc/arm-none-eabi/12.3.1/thumb/v7e-m+fp/hard\libgcc.a

.debug_info     0x00000000     0x2a48
 .debug_info    0x00000000      0x836 ./Src/CANx.o
 .debug_info    0x00000836      0x440 ./Src/GPIOx.o
 .debug_info    0x00000c76      0x582 ./Src/I2Cx.o
 .debug_info    0x000011f8      0x20c ./Src/NVIC.o
 .debug_info    0x00001404     0x104e ./Src/main.o
 .debug_info    0x00002452      0x5c6 ./Src/system_stm32l4xx.o
 .debug_info    0x00002a18       0x30 ./Startup/startup_stm32l452retxp.o

.debug_abbrev   0x00000000      0x945
 .debug_abbrev  0x00000000      0x1c3 ./Src/CANx.o
 .debug_abbrev  0x000001c3       0xff ./Src/GPIOx.o
 .debug_abbrev  0x000002c2      0x138 ./Src/I2Cx.o
 .debug_abbrev  0x000003fa       0xf1 ./Src/NVIC.o
 .debug_abbrev  0x000004eb      0x31c ./Src/main.o
 .debug_abbrev  0x00000807      0x11a ./Src/system_stm32l4xx.o
 .debug_abbrev  0x00000921       0x24 ./Startup/startup_stm32l452retxp.o

.debug_aranges  0x00000000      0x380
 .debug_aranges
                0x00000000       0x88 ./Src/CANx.o
 .debug_aranges
                0x00000088       0x38 ./Src/GPIOx.o
 .debug_aranges
                0x000000c0       0x58 ./Src/I2Cx.o
 .debug_aranges
                0x00000118       0x20 ./Src/NVIC.o
 .debug_aranges
                0x00000138      0x1f8 ./Src/main.o
 .debug_aranges
                0x00000330       0x28 ./Src/system_stm32l4xx.o
 .debug_aranges
                0x00000358       0x28 ./Startup/startup_stm32l452retxp.o

.debug_rnglists
                0x00000000      0x29a
 .debug_rnglists
                0x00000000       0x69 ./Src/CANx.o
 .debug_rnglists
                0x00000069       0x28 ./Src/GPIOx.o
 .debug_rnglists
                0x00000091       0x42 ./Src/I2Cx.o
 .debug_rnglists
                0x000000d3       0x13 ./Src/NVIC.o
 .debug_rnglists
                0x000000e6      0x181 ./Src/main.o
 .debug_rnglists
                0x00000267       0x1a ./Src/system_stm32l4xx.o
 .debug_rnglists
                0x00000281       0x19 ./Startup/startup_stm32l452retxp.o

.debug_macro    0x00000000    0x18ec8
 .debug_macro   0x00000000       0xe6 ./Src/CANx.o
 .debug_macro   0x000000e6      0xaba ./Src/CANx.o
 .debug_macro   0x00000ba0       0x2e ./Src/CANx.o
 .debug_macro   0x00000bce       0x28 ./Src/CANx.o
 .debug_macro   0x00000bf6       0x22 ./Src/CANx.o
 .debug_macro   0x00000c18       0x8e ./Src/CANx.o
 .debug_macro   0x00000ca6       0x51 ./Src/CANx.o
 .debug_macro   0x00000cf7      0x103 ./Src/CANx.o
 .debug_macro   0x00000dfa       0x6a ./Src/CANx.o
 .debug_macro   0x00000e64      0x1df ./Src/CANx.o
 .debug_macro   0x00001043       0x1c ./Src/CANx.o
 .debug_macro   0x0000105f       0x22 ./Src/CANx.o
 .debug_macro   0x00001081       0xfb ./Src/CANx.o
 .debug_macro   0x0000117c     0x1011 ./Src/CANx.o
 .debug_macro   0x0000218d      0x11f ./Src/CANx.o
 .debug_macro   0x000022ac    0x1634b ./Src/CANx.o
 .debug_macro   0x000185f7       0x6d ./Src/CANx.o
 .debug_macro   0x00018664       0x22 ./Src/CANx.o
 .debug_macro   0x00018686       0x58 ./Src/CANx.o
 .debug_macro   0x000186de      0x119 ./Src/GPIOx.o
 .debug_macro   0x000187f7       0xd7 ./Src/I2Cx.o
 .debug_macro   0x000188ce       0xd8 ./Src/NVIC.o
 .debug_macro   0x000189a6      0x14e ./Src/main.o
 .debug_macro   0x00018af4       0x5e ./Src/main.o
 .debug_macro   0x00018b52       0xb8 ./Src/main.o
 .debug_macro   0x00018c0a      0x1de ./Src/main.o
 .debug_macro   0x00018de8       0xe0 ./Src/system_stm32l4xx.o

.debug_line     0x00000000     0x2f16
 .debug_line    0x00000000      0x8ef ./Src/CANx.o
 .debug_line    0x000008ef      0x570 ./Src/GPIOx.o
 .debug_line    0x00000e5f      0x6fb ./Src/I2Cx.o
 .debug_line    0x0000155a      0x4c4 ./Src/NVIC.o
 .debug_line    0x00001a1e      0xf2e ./Src/main.o
 .debug_line    0x0000294c      0x54f ./Src/system_stm32l4xx.o
 .debug_line    0x00002e9b       0x7b ./Startup/startup_stm32l452retxp.o

.debug_str      0x00000000    0x88a99
 .debug_str     0x00000000    0x873fe ./Src/CANx.o
                              0x875ad (size before relaxing)
 .debug_str     0x000873fe      0x155 ./Src/GPIOx.o
                              0x873df (size before relaxing)
 .debug_str     0x00087553       0xff ./Src/I2Cx.o
                              0x87390 (size before relaxing)
 .debug_str     0x00087652       0x70 ./Src/NVIC.o
                              0x87192 (size before relaxing)
 .debug_str     0x000876c2     0x1270 ./Src/main.o
                              0x8886c (size before relaxing)
 .debug_str     0x00088932      0x127 ./Src/system_stm32l4xx.o
                              0x87360 (size before relaxing)
 .debug_str     0x00088a59       0x40 ./Startup/startup_stm32l452retxp.o
                                 0x80 (size before relaxing)

.comment        0x00000000       0x43
 .comment       0x00000000       0x43 ./Src/CANx.o
                                 0x44 (size before relaxing)
 .comment       0x00000043       0x44 ./Src/GPIOx.o
 .comment       0x00000043       0x44 ./Src/I2Cx.o
 .comment       0x00000043       0x44 ./Src/NVIC.o
 .comment       0x00000043       0x44 ./Src/main.o
 .comment       0x00000043       0x44 ./Src/system_stm32l4xx.o

.debug_frame    0x00000000      0xcec
 .debug_frame   0x00000000      0x238 ./Src/CANx.o
 .debug_frame   0x00000238       0xb0 ./Src/GPIOx.o
 .debug_frame   0x000002e8      0x13c ./Src/I2Cx.o
 .debug_frame   0x00000424       0x38 ./Src/NVIC.o
 .debug_frame   0x0000045c      0x6ec ./Src/main.o
 .debug_frame   0x00000b48       0x58 ./Src/system_stm32l4xx.o
 .debug_frame   0x00000ba0       0x2c C:/ST/STM32CubeIDE_1.15.1/STM32CubeIDE/plugins/com.st.stm32cube.ide.mcu.externaltools.gnu-tools-for-stm32.12.3.rel1.win32_1.0.100.202403111256/tools/bin/../lib/gcc/arm-none-eabi/12.3.1/../../../../arm-none-eabi/lib/thumb/v7e-m+fp/hard\libc_nano.a(libc_a-init.o)
 .debug_frame   0x00000bcc       0xac C:/ST/STM32CubeIDE_1.15.1/STM32CubeIDE/plugins/com.st.stm32cube.ide.mcu.externaltools.gnu-tools-for-stm32.12.3.rel1.win32_1.0.100.202403111256/tools/bin/../lib/gcc/arm-none-eabi/12.3.1/thumb/v7e-m+fp/hard\libgcc.a(_arm_addsubdf3.o)
 .debug_frame   0x00000c78       0x50 C:/ST/STM32CubeIDE_1.15.1/STM32CubeIDE/plugins/com.st.stm32cube.ide.mcu.externaltools.gnu-tools-for-stm32.12.3.rel1.win32_1.0.100.202403111256/tools/bin/../lib/gcc/arm-none-eabi/12.3.1/thumb/v7e-m+fp/hard\libgcc.a(_arm_muldivdf3.o)
 .debug_frame   0x00000cc8       0x24 C:/ST/STM32CubeIDE_1.15.1/STM32CubeIDE/plugins/com.st.stm32cube.ide.mcu.externaltools.gnu-tools-for-stm32.12.3.rel1.win32_1.0.100.202403111256/tools/bin/../lib/gcc/arm-none-eabi/12.3.1/thumb/v7e-m+fp/hard\libgcc.a(_arm_truncdfsf2.o)

.debug_line_str
                0x00000000       0x64
 .debug_line_str
                0x00000000       0x64 ./Startup/startup_stm32l452retxp.o
