../Inc/core_cm4.h:1775:22:__NVIC_ClearPendingIRQ	16	static
../Inc/SSD1306.h:128:6:SSD1306_Init	8	static
../Inc/SSD1306.h:214:6:SSD1306_WriteString	24	static
../Inc/SSD1306.h:224:6:SSD1306_WriteChar	16	static
../Inc/SSD1306.h:352:6:Letra_A	8	static
../Inc/SSD1306.h:361:6:Letra_B	8	static
../Inc/SSD1306.h:371:6:Letra_C	8	static
../Inc/SSD1306.h:381:6:Letra_D	8	static
../Inc/SSD1306.h:391:6:Letra_E	8	static
../Inc/SSD1306.h:402:6:Letra_F	8	static
../Inc/SSD1306.h:413:6:Letra_G	8	static
../Inc/SSD1306.h:422:6:Letra_H	8	static
../Inc/SSD1306.h:431:6:Letra_I	8	static
../Inc/SSD1306.h:441:6:Letra_J	8	static
../Inc/SSD1306.h:450:6:Letra_K	8	static
../Inc/SSD1306.h:460:6:Letra_L	8	static
../Inc/SSD1306.h:470:6:Letra_M	8	static
../Inc/SSD1306.h:482:6:Letra_N	8	static
../Inc/SSD1306.h:493:6:Letra_O	8	static
../Inc/SSD1306.h:504:6:Letra_P	8	static
../Inc/SSD1306.h:514:6:Letra_Q	8	static
../Inc/SSD1306.h:524:6:Letra_R	8	static
../Inc/SSD1306.h:535:6:Letra_S	8	static
../Inc/SSD1306.h:545:6:Letra_T	8	static
../Inc/SSD1306.h:554:6:Letra_U	8	static
../Inc/SSD1306.h:566:6:Letra_V	8	static
../Inc/SSD1306.h:576:6:Letra_W	8	static
../Inc/SSD1306.h:588:6:Letra_X	8	static
../Inc/SSD1306.h:597:6:Letra_Y	8	static
../Inc/SSD1306.h:608:6:Letra_Z	8	static
../Inc/SSD1306.h:618:6:Espacio	8	static
../Inc/SSD1306.h:625:6:Admiracion	8	static
../Inc/SSD1306.h:636:6:Numero_1	8	static
../Inc/SSD1306.h:645:6:Numero_2	8	static
../Inc/SSD1306.h:655:6:Numero_3	8	static
../Inc/SSD1306.h:665:6:Numero_4	8	static
../Inc/SSD1306.h:675:6:Numero_5	8	static
../Inc/SSD1306.h:684:6:Numero_6	8	static
../Inc/SSD1306.h:695:6:Numero_7	8	static
../Inc/SSD1306.h:705:6:Numero_8	8	static
../Inc/SSD1306.h:715:6:Numero_9	8	static
../Inc/SSD1306.h:724:6:Numero_0	8	static
../Inc/SSD1306.h:734:6:DosPuntos	8	static
../Inc/SSD1306.h:740:6:Flecha_Abajo	8	static
../Inc/SSD1306.h:759:6:Flecha_Arriba	8	static
../Inc/SSD1306.h:777:6:Flecha_Izquierda	8	static
../Inc/SSD1306.h:806:6:Flecha_Derecha	8	static
../Inc/SSD1306.h:838:6:Vacear	8	static
../Inc/SSD1306.h:858:6:SSD1306_Clear	16	static
../Inc/SSD1306.h:906:6:SSD1306_PosCom	24	static
../Inc/MPU6050.h:103:6:MPU6050_Init	8	static
../Inc/MPU6050.h:120:9:MPU6050_Read	24	static
../Src/main.c:84:5:main	16	static
../Src/main.c:267:6:Init_Peripheral	8	static
../Src/main.c:278:6:Conf_Peripheral	16	static
../Src/main.c:296:6:MPU6050_Read_Ace_Giro	8	static
../Src/main.c:312:6:SecuanciaInicio	8	static
../Src/main.c:357:6:delay	16	static
../Src/main.c:363:6:CAN1_RX0_IRQHandler	8	static
../Src/main.c:368:6:CAN1_RX1_IRQHandler	8	static
