23:18:19 **** Incremental Build of configuration Debug for project Proyecto_AV_Joshua ****
make -j8 all 
arm-none-eabi-gcc "../Src/main.c" -mcpu=cortex-m4 -std=gnu11 -g3 -DDEBUG -DSTM32L452RETxP -DSTM32L4 -DSTM32 -c -I../Inc -O0 -ffunction-sections -fdata-sections -Wall -fstack-usage -fcyclomatic-complexity -MMD -MP -MF"Src/main.d" -MT"Src/main.o" --specs=nano.specs -mfpu=fpv4-sp-d16 -mfloat-abi=hard -mthumb -o "Src/main.o"
arm-none-eabi-gcc -o "Proyecto_AV_Joshua.elf" @"objects.list"   -mcpu=cortex-m4 -T"C:\Users\joshu\Desktop\Proyecto_AV_Joshua\Proyecto_AV_Joshua\STM32L452RETXP_FLASH.ld" --specs=nosys.specs -Wl,-Map="Proyecto_AV_Joshua.map" -Wl,--gc-sections -static --specs=nano.specs -mfpu=fpv4-sp-d16 -mfloat-abi=hard -mthumb -Wl,--start-group -lc -lm -Wl,--end-group
Finished building target: Proyecto_AV_Joshua.elf
 
arm-none-eabi-size  Proyecto_AV_Joshua.elf 
arm-none-eabi-objdump -h -S Proyecto_AV_Joshua.elf  > "Proyecto_AV_Joshua.list"
   text	   data	    bss	    dec	    hex	filename
   1088	      0	   1568	   2656	    a60	Proyecto_AV_Joshua.elf
Finished building: default.size.stdout
 
Finished building: Proyecto_AV_Joshua.list
 
23:18:23 **** Incremental Build of configuration Debug for project Proyecto_AV_Joshua ****
make -j8 all 
arm-none-eabi-size  Proyecto_AV_Joshua.elf 
   text	   data	    bss	    dec	    hex	filename
   1088	      0	   1568	   2656	    a60	Proyecto_AV_Joshua.elf
Finished building: default.size.stdout
 
